PS C:\Users\daisu> mkdir git_challenge


    ディレクトリ: C:\Users\daisu


Mode                 LastWriteTime         Length Name
----                 -------------         ------ ----
d-----        2024/12/12     13:37                git_challenge


PS C:\Users\daisu> cd git_challenge
PS C:\Users\daisu\git_challenge> git init
Initialized empty Git repository in C:/Users/daisu/git_challenge/.git/
PS C:\Users\daisu\git_challenge> echo "Hello, world!" >> hello_world.txt
PS C:\Users\daisu\git_challenge> git add hello_world.txt
PS C:\Users\daisu\git_challenge> git commit -m "hello_wold.txtを追加"
[main (root-commit) a21f5c2] hello_wold.txtを追加
 1 file changed, 0 insertions(+), 0 deletions(-)
 create mode 100644 hello_world.txt
PS C:\Users\daisu\git_challenge> echo "こんにちは、世界! " >> hello_world.txt
PS C:\Users\daisu\git_challenge> git add hello_world.txt
PS C:\Users\daisu\git_challenge> git commit -m "日本語訳を追記"
[main dde8599] 日本語訳を追記
 1 file changed, 0 insertions(+), 0 deletions(-)
PS C:\Users\daisu\git_challenge> git log --oneline
dde8599 (HEAD -> main) 日本語訳を追記
a21f5c2 hello_wold.txtを追加